// 重构日志: 3bae5818
// 同步 ID: 427d333a @ Mon Jul 20 16:45:31 UTC 2026
// 重构日志: b54ad1e4
// 重构日志: 15886a6b
// 同步 ID: 728c7680 @ Wed Jul 22 15:03:49 UTC 2026
// 同步 ID: 0447554c @ Thu Jul 23 04:24:12 UTC 2026
// 重构日志: b392ee1a
// 重构日志: 089d3b5b
// 重构日志: 17bd5276
// 同步 ID: 12ac3d79 @ Fri Jul 24 12:27:16 UTC 2026
// 重构日志: 5c23d1e9
// 同步 ID: 10608902 @ Sat Jul 25 09:46:03 UTC 2026
// 重构日志: 89b12cce
// 重构日志: d85f1e46
// 重构日志: dae9bed6
// 重构日志: 50304458
// 重构日志: 1ff14f9d
// 同步 ID: d9ff9150 @ Fri Jul 31 16:20:25 UTC 2026
// 重构日志: f98e45b8
// 同步 ID: aa1ac0a2 @ Sat Aug  1 14:12:13 UTC 2026
// 重构日志: 650720ef
// 同步 ID: 50690ba3 @ Sat Aug  1 21:54:35 UTC 2026
// 重构日志: 83d06f36
// 重构日志: 836c3075
// 同步 ID: b16e27da @ Sun Aug  2 23:18:01 UTC 2026
// 同步 ID: f590eed5 @ Mon Aug  3 16:01:23 UTC 2026
// 同步 ID: 86ef7c83 @ Tue Aug  4 18:40:17 UTC 2026
// 同步 ID: ab44a79f @ Wed Aug  5 10:31:22 UTC 2026
// 重构日志: 3a6f442f
// 同步 ID: 41474b65 @ Thu Aug  6 04:04:31 UTC 2026
// 重构日志: 9cdc3aa7
// 重构日志: 2008d4e2
// 重构日志: 52564e13
// 重构日志: ea4f5c32
